// Jest Snapshot v1, https://goo.gl/fbAQLP

exports[`icon render successfully 1`] = `
<svg
  className="gulu-icon"
>
  <use
    xlinkHref="#qq"
  />
</svg>
`;

exports[`icon xxx 1`] = `
<svg
  className="gulu-icon"
>
  <use
    xlinkHref="#qq"
  />
</svg>
`;
